2026-09-22T16:08:49-04:00
Running /home/jz/projects/personal/Matching_Machine/build/release/bench_matching_engine
Run on (4 X 2015.13 MHz CPU s)
CPU Caches:
  L1 Data 48 KiB (x4)
  L1 Instruction 32 KiB (x4)
  L2 Unified 1280 KiB (x4)
  L3 Unified 8192 KiB (x1)
Load Average: 1.60, 1.11, 0.63
------------------------------------------------------------------------------------------------------------
Benchmark                                                  Time             CPU   Iterations UserCounters...
------------------------------------------------------------------------------------------------------------
BM_Pipeline_Throughput/10000/iterations:3               3.30 ms        0.057 ms            3 items_per_second=175.579M/s orders=10000
BM_Pipeline_Throughput/10000/iterations:3               2.88 ms        0.042 ms            3 items_per_second=237.646M/s orders=10000
BM_Pipeline_Throughput/10000/iterations:3               2.29 ms        0.040 ms            3 items_per_second=252.989M/s orders=10000
BM_Pipeline_Throughput/10000/iterations:3               2.67 ms        0.039 ms            3 items_per_second=258.755M/s orders=10000
BM_Pipeline_Throughput/10000/iterations:3               2.29 ms        0.037 ms            3 items_per_second=270.88M/s orders=10000
BM_Pipeline_Throughput/10000/iterations:3               2.32 ms        0.036 ms            3 items_per_second=278.702M/s orders=10000
BM_Pipeline_Throughput/10000/iterations:3               2.70 ms        0.037 ms            3 items_per_second=270.473M/s orders=10000
BM_Pipeline_Throughput/10000/iterations:3               2.65 ms        0.036 ms            3 items_per_second=277.767M/s orders=10000
BM_Pipeline_Throughput/10000/iterations:3               2.41 ms        0.038 ms            3 items_per_second=265.748M/s orders=10000
BM_Pipeline_Throughput/10000/iterations:3               2.29 ms        0.040 ms            3 items_per_second=252.985M/s orders=10000
BM_Pipeline_Throughput/10000/iterations:3_mean          2.58 ms        0.040 ms           10 items_per_second=254.152M/s orders=10000
BM_Pipeline_Throughput/10000/iterations:3_median        2.53 ms        0.038 ms           10 items_per_second=262.251M/s orders=10000
BM_Pipeline_Throughput/10000/iterations:3_stddev       0.330 ms        0.006 ms           10 items_per_second=30.3883M/s orders=10000
BM_Pipeline_Throughput/10000/iterations:3_cv           12.78 %         15.61 %            10 items_per_second=11.96% orders=10000
BM_Pipeline_Throughput/50000/iterations:3               13.7 ms        0.056 ms            3 items_per_second=889.558M/s orders=50000
BM_Pipeline_Throughput/50000/iterations:3               13.9 ms        0.061 ms            3 items_per_second=821.945M/s orders=50000
BM_Pipeline_Throughput/50000/iterations:3               13.4 ms        0.060 ms            3 items_per_second=839.001M/s orders=50000
BM_Pipeline_Throughput/50000/iterations:3               13.2 ms        0.053 ms            3 items_per_second=948.599M/s orders=50000
BM_Pipeline_Throughput/50000/iterations:3               12.8 ms        0.052 ms            3 items_per_second=962.106M/s orders=50000
BM_Pipeline_Throughput/50000/iterations:3               13.4 ms        0.052 ms            3 items_per_second=967.499M/s orders=50000
BM_Pipeline_Throughput/50000/iterations:3               13.5 ms        0.049 ms            3 items_per_second=1.02085G/s orders=50000
BM_Pipeline_Throughput/50000/iterations:3               13.5 ms        0.049 ms            3 items_per_second=1.02753G/s orders=50000
BM_Pipeline_Throughput/50000/iterations:3               13.5 ms        0.052 ms            3 items_per_second=956.334M/s orders=50000
BM_Pipeline_Throughput/50000/iterations:3               13.5 ms        0.044 ms            3 items_per_second=1.14215G/s orders=50000
BM_Pipeline_Throughput/50000/iterations:3_mean          13.5 ms        0.053 ms           10 items_per_second=957.557M/s orders=50000
BM_Pipeline_Throughput/50000/iterations:3_median        13.5 ms        0.052 ms           10 items_per_second=959.22M/s orders=50000
BM_Pipeline_Throughput/50000/iterations:3_stddev       0.273 ms        0.005 ms           10 items_per_second=94.4272M/s orders=50000
BM_Pipeline_Throughput/50000/iterations:3_cv            2.03 %          9.75 %            10 items_per_second=9.86% orders=50000
BM_Pipeline_Throughput/100000/iterations:3              28.6 ms        0.064 ms            3 items_per_second=1.55093G/s orders=100000
BM_Pipeline_Throughput/100000/iterations:3              28.9 ms        0.064 ms            3 items_per_second=1.55711G/s orders=100000
BM_Pipeline_Throughput/100000/iterations:3              29.1 ms        0.060 ms            3 items_per_second=1.66689G/s orders=100000
BM_Pipeline_Throughput/100000/iterations:3              29.3 ms        0.067 ms            3 items_per_second=1.48772G/s orders=100000
BM_Pipeline_Throughput/100000/iterations:3              30.0 ms        0.081 ms            3 items_per_second=1.23322G/s orders=100000
BM_Pipeline_Throughput/100000/iterations:3              28.4 ms        0.078 ms            3 items_per_second=1.28975G/s orders=100000
BM_Pipeline_Throughput/100000/iterations:3              29.2 ms        0.083 ms            3 items_per_second=1.20635G/s orders=100000
BM_Pipeline_Throughput/100000/iterations:3              30.0 ms        0.071 ms            3 items_per_second=1.399G/s orders=100000
BM_Pipeline_Throughput/100000/iterations:3              28.4 ms        0.073 ms            3 items_per_second=1.36611G/s orders=100000
BM_Pipeline_Throughput/100000/iterations:3              29.1 ms        0.060 ms            3 items_per_second=1.65664G/s orders=100000
BM_Pipeline_Throughput/100000/iterations:3_mean         29.1 ms        0.070 ms           10 items_per_second=1.44137G/s orders=100000
BM_Pipeline_Throughput/100000/iterations:3_median       29.1 ms        0.069 ms           10 items_per_second=1.44336G/s orders=100000
BM_Pipeline_Throughput/100000/iterations:3_stddev      0.590 ms        0.008 ms           10 items_per_second=167.915M/s orders=100000
BM_Pipeline_Throughput/100000/iterations:3_cv           2.03 %         11.84 %            10 items_per_second=11.65% orders=100000
BM_SingleThread_Baseline                                1398 us         1398 us          501 items_per_second=7.15467M/s single-thread noalloc
BM_SingleThread_Baseline                                1396 us         1396 us          501 items_per_second=7.16242M/s single-thread noalloc
BM_SingleThread_Baseline                                1399 us         1399 us          501 items_per_second=7.14992M/s single-thread noalloc
BM_SingleThread_Baseline                                1402 us         1402 us          501 items_per_second=7.13235M/s single-thread noalloc
BM_SingleThread_Baseline                                1403 us         1403 us          501 items_per_second=7.12681M/s single-thread noalloc
BM_SingleThread_Baseline                                1402 us         1401 us          501 items_per_second=7.13584M/s single-thread noalloc
BM_SingleThread_Baseline                                1404 us         1404 us          501 items_per_second=7.12163M/s single-thread noalloc
BM_SingleThread_Baseline                                1406 us         1405 us          501 items_per_second=7.11511M/s single-thread noalloc
BM_SingleThread_Baseline                                1405 us         1405 us          501 items_per_second=7.11817M/s single-thread noalloc
BM_SingleThread_Baseline                                1408 us         1408 us          501 items_per_second=7.10228M/s single-thread noalloc
BM_SingleThread_Baseline_mean                           1402 us         1402 us           10 items_per_second=7.13192M/s single-thread noalloc
BM_SingleThread_Baseline_median                         1403 us         1403 us           10 items_per_second=7.12958M/s single-thread noalloc
BM_SingleThread_Baseline_stddev                         3.76 us         3.75 us           10 items_per_second=19.0617k/s single-thread noalloc
BM_SingleThread_Baseline_cv                             0.27 %          0.27 %            10 items_per_second=0.27% single-thread noalloc

--- Pipeline Latency Report (100K orders) ---
=== Latency Report (100000 samples) ===
P50  : 2783659 cycles / 1116142 ns
P95  : 3370746 cycles / 1351542 ns
P99  : 3391530 cycles / 1359876 ns
P999 : 3402283 cycles / 1364187 ns
Max  : 3406296 cycles / 1365796 ns
  (Trades produced: 62155)


--- Pipeline Latency Report (100K orders) ---
=== Latency Report (100000 samples) ===
P50  : 2726150 cycles / 1093083 ns
P95  : 3206114 cycles / 1285531 ns
P99  : 3531089 cycles / 1415834 ns
P999 : 3553722 cycles / 1424909 ns
Max  : 3563682 cycles / 1428902 ns
  (Trades produced: 62155)


--- Pipeline Latency Report (100K orders) ---
=== Latency Report (100000 samples) ===
P50  : 2787858 cycles / 1117826 ns
P95  : 3282511 cycles / 1316163 ns
P99  : 3304632 cycles / 1325033 ns
P999 : 3314222 cycles / 1328878 ns
Max  : 3318269 cycles / 1330501 ns
  (Trades produced: 62155)


--- Pipeline Latency Report (100K orders) ---
=== Latency Report (100000 samples) ===
P50  : 2718946 cycles / 1090195 ns
P95  : 3283096 cycles / 1316398 ns
P99  : 3341616 cycles / 1339862 ns
P999 : 3358180 cycles / 1346504 ns
Max  : 3368787 cycles / 1350757 ns
  (Trades produced: 62155)


--- Pipeline Latency Report (100K orders) ---
=== Latency Report (100000 samples) ===
P50  : 2606726 cycles / 1045199 ns
P95  : 3300918 cycles / 1323544 ns
P99  : 3326589 cycles / 1333837 ns
P999 : 3341833 cycles / 1339949 ns
Max  : 3347706 cycles / 1342304 ns
  (Trades produced: 62155)


--- Pipeline Latency Report (100K orders) ---
=== Latency Report (100000 samples) ===
P50  : 3134475 cycles / 1256806 ns
P95  : 3328507 cycles / 1334606 ns
P99  : 3385652 cycles / 1357519 ns
P999 : 3411428 cycles / 1367854 ns
Max  : 3421018 cycles / 1371699 ns
  (Trades produced: 62155)


--- Pipeline Latency Report (100K orders) ---
=== Latency Report (100000 samples) ===
P50  : 2552272 cycles / 1023365 ns
P95  : 3269249 cycles / 1310846 ns
P99  : 3323752 cycles / 1332699 ns
P999 : 3334573 cycles / 1337038 ns
Max  : 3338723 cycles / 1338702 ns
  (Trades produced: 62155)


--- Pipeline Latency Report (100K orders) ---
=== Latency Report (100000 samples) ===
P50  : 2626057 cycles / 1052950 ns
P95  : 3329790 cycles / 1335120 ns
P99  : 3390725 cycles / 1359553 ns
P999 : 3405031 cycles / 1365289 ns
Max  : 3407644 cycles / 1366337 ns
  (Trades produced: 62155)


--- Pipeline Latency Report (100K orders) ---
=== Latency Report (100000 samples) ===
P50  : 2616561 cycles / 1049142 ns
P95  : 3329567 cycles / 1335031 ns
P99  : 3366127 cycles / 1349690 ns
P999 : 3378065 cycles / 1354477 ns
Max  : 3381436 cycles / 1355828 ns
  (Trades produced: 62155)


--- Pipeline Latency Report (100K orders) ---
=== Latency Report (100000 samples) ===
P50  : 2605851 cycles / 1044848 ns
P95  : 3323981 cycles / 1332791 ns
P99  : 3343318 cycles / 1340545 ns
P999 : 3368577 cycles / 1350672 ns
Max  : 3374961 cycles / 1353232 ns
  (Trades produced: 62155)

BM_Pipeline_LatencyReport/iterations:1                  5.68 ms         5.68 ms            1
BM_Pipeline_LatencyReport/iterations:1                  5.22 ms         5.22 ms            1
BM_Pipeline_LatencyReport/iterations:1                  5.53 ms         5.53 ms            1
BM_Pipeline_LatencyReport/iterations:1                  5.66 ms         5.66 ms            1
BM_Pipeline_LatencyReport/iterations:1                  5.29 ms         5.29 ms            1
BM_Pipeline_LatencyReport/iterations:1                  5.41 ms         5.40 ms            1
BM_Pipeline_LatencyReport/iterations:1                  5.21 ms         5.20 ms            1
BM_Pipeline_LatencyReport/iterations:1                  5.49 ms         5.48 ms            1
BM_Pipeline_LatencyReport/iterations:1                  4.69 ms         4.69 ms            1
BM_Pipeline_LatencyReport/iterations:1                  5.22 ms         5.22 ms            1
BM_Pipeline_LatencyReport/iterations:1_mean             5.34 ms         5.34 ms           10
BM_Pipeline_LatencyReport/iterations:1_median           5.35 ms         5.34 ms           10
BM_Pipeline_LatencyReport/iterations:1_stddev          0.290 ms        0.290 ms           10
BM_Pipeline_LatencyReport/iterations:1_cv               5.44 %          5.44 %            10
