2026-09-22T16:08:58-04:00
Running /home/jz/projects/personal/Matching_Machine/build/release/bench_baseline_mutex
Run on (4 X 2400 MHz CPU s)
CPU Caches:
  L1 Data 48 KiB (x4)
  L1 Instruction 32 KiB (x4)
  L2 Unified 1280 KiB (x4)
  L3 Unified 8192 KiB (x1)
Load Average: 1.58, 1.13, 0.64
-----------------------------------------------------------------------------------------------------------------
Benchmark                                                       Time             CPU   Iterations UserCounters...
-----------------------------------------------------------------------------------------------------------------
BM_MutexPipeline_Throughput/10000/iterations:3               5.74 ms        0.070 ms            3 items_per_second=142.567M/s orders=10000
BM_MutexPipeline_Throughput/10000/iterations:3               5.08 ms        0.061 ms            3 items_per_second=164.029M/s orders=10000
BM_MutexPipeline_Throughput/10000/iterations:3               4.96 ms        0.051 ms            3 items_per_second=195.72M/s orders=10000
BM_MutexPipeline_Throughput/10000/iterations:3               5.14 ms        0.072 ms            3 items_per_second=138.956M/s orders=10000
BM_MutexPipeline_Throughput/10000/iterations:3               5.08 ms        0.041 ms            3 items_per_second=243.885M/s orders=10000
BM_MutexPipeline_Throughput/10000/iterations:3               4.77 ms        0.064 ms            3 items_per_second=156.732M/s orders=10000
BM_MutexPipeline_Throughput/10000/iterations:3               4.87 ms        0.051 ms            3 items_per_second=195.372M/s orders=10000
BM_MutexPipeline_Throughput/10000/iterations:3               4.65 ms        0.050 ms            3 items_per_second=198.549M/s orders=10000
BM_MutexPipeline_Throughput/10000/iterations:3               5.14 ms        0.060 ms            3 items_per_second=165.993M/s orders=10000
BM_MutexPipeline_Throughput/10000/iterations:3               4.92 ms        0.052 ms            3 items_per_second=191.635M/s orders=10000
BM_MutexPipeline_Throughput/10000/iterations:3_mean          5.04 ms        0.057 ms           10 items_per_second=179.344M/s orders=10000
BM_MutexPipeline_Throughput/10000/iterations:3_median        5.02 ms        0.056 ms           10 items_per_second=178.814M/s orders=10000
BM_MutexPipeline_Throughput/10000/iterations:3_stddev       0.294 ms        0.010 ms           10 items_per_second=31.83M/s orders=10000
BM_MutexPipeline_Throughput/10000/iterations:3_cv            5.84 %         17.06 %            10 items_per_second=17.75% orders=10000
BM_MutexPipeline_Throughput/50000/iterations:3               26.7 ms        0.059 ms            3 items_per_second=844.585M/s orders=50000
BM_MutexPipeline_Throughput/50000/iterations:3               25.4 ms        0.066 ms            3 items_per_second=753.296M/s orders=50000
BM_MutexPipeline_Throughput/50000/iterations:3               24.9 ms        0.072 ms            3 items_per_second=698.587M/s orders=50000
BM_MutexPipeline_Throughput/50000/iterations:3               25.0 ms        0.067 ms            3 items_per_second=750.533M/s orders=50000
BM_MutexPipeline_Throughput/50000/iterations:3               24.9 ms        0.064 ms            3 items_per_second=776.57M/s orders=50000
BM_MutexPipeline_Throughput/50000/iterations:3               25.1 ms        0.067 ms            3 items_per_second=740.949M/s orders=50000
BM_MutexPipeline_Throughput/50000/iterations:3               24.7 ms        0.063 ms            3 items_per_second=793.878M/s orders=50000
BM_MutexPipeline_Throughput/50000/iterations:3               23.9 ms        0.068 ms            3 items_per_second=730.848M/s orders=50000
BM_MutexPipeline_Throughput/50000/iterations:3               24.7 ms        0.066 ms            3 items_per_second=754.243M/s orders=50000
BM_MutexPipeline_Throughput/50000/iterations:3               24.5 ms        0.069 ms            3 items_per_second=727.64M/s orders=50000
BM_MutexPipeline_Throughput/50000/iterations:3_mean          25.0 ms        0.066 ms           10 items_per_second=757.113M/s orders=50000
BM_MutexPipeline_Throughput/50000/iterations:3_median        24.9 ms        0.066 ms           10 items_per_second=751.914M/s orders=50000
BM_MutexPipeline_Throughput/50000/iterations:3_stddev       0.735 ms        0.003 ms           10 items_per_second=40.4045M/s orders=50000
BM_MutexPipeline_Throughput/50000/iterations:3_cv            2.94 %          5.15 %            10 items_per_second=5.34% orders=50000
BM_MutexPipeline_Throughput/100000/iterations:3              52.0 ms        0.074 ms            3 items_per_second=1.35937G/s orders=100000
BM_MutexPipeline_Throughput/100000/iterations:3              49.5 ms        0.085 ms            3 items_per_second=1.18137G/s orders=100000
BM_MutexPipeline_Throughput/100000/iterations:3              48.9 ms        0.082 ms            3 items_per_second=1.21259G/s orders=100000
BM_MutexPipeline_Throughput/100000/iterations:3              48.6 ms        0.082 ms            3 items_per_second=1.22344G/s orders=100000
BM_MutexPipeline_Throughput/100000/iterations:3              49.3 ms        0.080 ms            3 items_per_second=1.25571G/s orders=100000
BM_MutexPipeline_Throughput/100000/iterations:3              50.6 ms        0.072 ms            3 items_per_second=1.39137G/s orders=100000
BM_MutexPipeline_Throughput/100000/iterations:3              50.0 ms        0.076 ms            3 items_per_second=1.32028G/s orders=100000
BM_MutexPipeline_Throughput/100000/iterations:3              48.7 ms        0.083 ms            3 items_per_second=1.20715G/s orders=100000
BM_MutexPipeline_Throughput/100000/iterations:3              48.6 ms        0.090 ms            3 items_per_second=1.11031G/s orders=100000
BM_MutexPipeline_Throughput/100000/iterations:3              49.6 ms        0.079 ms            3 items_per_second=1.26055G/s orders=100000
BM_MutexPipeline_Throughput/100000/iterations:3_mean         49.6 ms        0.080 ms           10 items_per_second=1.25221G/s orders=100000
BM_MutexPipeline_Throughput/100000/iterations:3_median       49.4 ms        0.081 ms           10 items_per_second=1.23958G/s orders=100000
BM_MutexPipeline_Throughput/100000/iterations:3_stddev       1.06 ms        0.005 ms           10 items_per_second=85.0785M/s orders=100000
BM_MutexPipeline_Throughput/100000/iterations:3_cv           2.14 %          6.78 %            10 items_per_second=6.79% orders=100000

--- Mutex Baseline Latency Report (100K orders) ---
=== Latency Report (100000 samples) ===
P50  : 555615 cycles / 222781 ns
P95  : 3217959 cycles / 1290280 ns
P99  : 3239903 cycles / 1299079 ns
P999 : 3324974 cycles / 1333189 ns
Max  : 3340122 cycles / 1339263 ns


--- Mutex Baseline Latency Report (100K orders) ---
=== Latency Report (100000 samples) ===
P50  : 477581 cycles / 191492 ns
P95  : 3168270 cycles / 1270357 ns
P99  : 3248288 cycles / 1302441 ns
P999 : 3284808 cycles / 1317084 ns
Max  : 3291368 cycles / 1319715 ns


--- Mutex Baseline Latency Report (100K orders) ---
=== Latency Report (100000 samples) ===
P50  : 759316 cycles / 304457 ns
P95  : 2896254 cycles / 1161289 ns
P99  : 3190488 cycles / 1279265 ns
P999 : 3239458 cycles / 1298901 ns
Max  : 3256175 cycles / 1305603 ns


--- Mutex Baseline Latency Report (100K orders) ---
=== Latency Report (100000 samples) ===
P50  : 183911 cycles /  73741 ns
P95  : 2510257 cycles / 1006518 ns
P99  : 2931953 cycles / 1175603 ns
P999 : 2953326 cycles / 1184172 ns
Max  : 2966001 cycles / 1189255 ns


--- Mutex Baseline Latency Report (100K orders) ---
=== Latency Report (100000 samples) ===
P50  : 791595 cycles / 317400 ns
P95  : 2353664 cycles / 943731 ns
P99  : 2479796 cycles / 994305 ns
P999 : 2496125 cycles / 1000852 ns
Max  : 2503252 cycles / 1003710 ns


--- Mutex Baseline Latency Report (100K orders) ---
=== Latency Report (100000 samples) ===
P50  : 246452 cycles /  98818 ns
P95  : 2306934 cycles / 924994 ns
P99  : 2537459 cycles / 1017425 ns
P999 : 2625238 cycles / 1052621 ns
Max  : 2635817 cycles / 1056863 ns


--- Mutex Baseline Latency Report (100K orders) ---
=== Latency Report (100000 samples) ===
P50  : 5206257 cycles / 2087513 ns
P95  : 10365969 cycles / 4156363 ns
P99  : 10534468 cycles / 4223925 ns
P999 : 10588573 cycles / 4245619 ns
Max  : 10595531 cycles / 4248409 ns


--- Mutex Baseline Latency Report (100K orders) ---
=== Latency Report (100000 samples) ===
P50  : 1793497 cycles / 719125 ns
P95  : 5922924 cycles / 2374869 ns
P99  : 6246608 cycles / 2504654 ns
P999 : 6299839 cycles / 2525998 ns
Max  : 6314778 cycles / 2531988 ns


--- Mutex Baseline Latency Report (100K orders) ---
=== Latency Report (100000 samples) ===
P50  : 3183502 cycles / 1276464 ns
P95  : 7953572 cycles / 3189083 ns
P99  : 8284105 cycles / 3321614 ns
P999 : 8388452 cycles / 3363453 ns
Max  : 8403965 cycles / 3369673 ns


--- Mutex Baseline Latency Report (100K orders) ---
=== Latency Report (100000 samples) ===
P50  : 232567 cycles /  93251 ns
P95  : 2446244 cycles / 980852 ns
P99  : 2496231 cycles / 1000895 ns
P999 : 2557989 cycles / 1025657 ns
Max  : 2566474 cycles / 1029059 ns

BM_MutexPipeline_LatencyReport/iterations:1                  5.67 ms         5.66 ms            1
BM_MutexPipeline_LatencyReport/iterations:1                  5.33 ms         5.32 ms            1
BM_MutexPipeline_LatencyReport/iterations:1                  5.15 ms         5.15 ms            1
BM_MutexPipeline_LatencyReport/iterations:1                  5.69 ms         5.69 ms            1
BM_MutexPipeline_LatencyReport/iterations:1                  5.22 ms         5.22 ms            1
BM_MutexPipeline_LatencyReport/iterations:1                  5.46 ms         5.46 ms            1
BM_MutexPipeline_LatencyReport/iterations:1                  4.90 ms         4.90 ms            1
BM_MutexPipeline_LatencyReport/iterations:1                  4.68 ms         4.68 ms            1
BM_MutexPipeline_LatencyReport/iterations:1                  4.49 ms         4.49 ms            1
BM_MutexPipeline_LatencyReport/iterations:1                  5.61 ms         5.61 ms            1
BM_MutexPipeline_LatencyReport/iterations:1_mean             5.22 ms         5.22 ms           10
BM_MutexPipeline_LatencyReport/iterations:1_median           5.27 ms         5.27 ms           10
BM_MutexPipeline_LatencyReport/iterations:1_stddev          0.416 ms        0.416 ms           10
BM_MutexPipeline_LatencyReport/iterations:1_cv               7.97 %          7.98 %            10
