2026-09-22T16:04:35-04:00
Running /home/jz/projects/personal/Matching_Machine/build/release/bench_order_book
Run on (4 X 2360.15 MHz CPU s)
CPU Caches:
  L1 Data 48 KiB (x4)
  L1 Instruction 32 KiB (x4)
  L2 Unified 1280 KiB (x4)
  L3 Unified 8192 KiB (x1)
Load Average: 0.85, 0.66, 0.37
------------------------------------------------------------------------------------------------
Benchmark                                      Time             CPU   Iterations UserCounters...
------------------------------------------------------------------------------------------------
BM_AddOrder_NoMatch                         39.5 ns         39.5 ns     17718965 items_per_second=25.3218M/s
BM_AddOrder_NoMatch                         39.5 ns         39.5 ns     17718965 items_per_second=25.3198M/s
BM_AddOrder_NoMatch                         39.5 ns         39.5 ns     17718965 items_per_second=25.3252M/s
BM_AddOrder_NoMatch                         39.7 ns         39.7 ns     17718965 items_per_second=25.2031M/s
BM_AddOrder_NoMatch                         39.9 ns         39.9 ns     17718965 items_per_second=25.0547M/s
BM_AddOrder_NoMatch                         39.5 ns         39.5 ns     17718965 items_per_second=25.3318M/s
BM_AddOrder_NoMatch                         39.6 ns         39.6 ns     17718965 items_per_second=25.271M/s
BM_AddOrder_NoMatch                         39.6 ns         39.6 ns     17718965 items_per_second=25.2844M/s
BM_AddOrder_NoMatch                         39.5 ns         39.5 ns     17718965 items_per_second=25.3194M/s
BM_AddOrder_NoMatch                         39.4 ns         39.4 ns     17718965 items_per_second=25.3687M/s
BM_AddOrder_NoMatch_mean                    39.6 ns         39.6 ns           10 items_per_second=25.28M/s
BM_AddOrder_NoMatch_median                  39.5 ns         39.5 ns           10 items_per_second=25.3196M/s
BM_AddOrder_NoMatch_stddev                 0.143 ns        0.143 ns           10 items_per_second=90.8358k/s
BM_AddOrder_NoMatch_cv                      0.36 %          0.36 %            10 items_per_second=0.36%
BM_AddOrder_FullMatch                        408 ns          409 ns      1711389 items_per_second=2.44708M/s
BM_AddOrder_FullMatch                        405 ns          409 ns      1711389 items_per_second=2.44479M/s
BM_AddOrder_FullMatch                        406 ns          409 ns      1711389 items_per_second=2.44421M/s
BM_AddOrder_FullMatch                        405 ns          409 ns      1711389 items_per_second=2.44766M/s
BM_AddOrder_FullMatch                        406 ns          409 ns      1711389 items_per_second=2.44237M/s
BM_AddOrder_FullMatch                        405 ns          409 ns      1711389 items_per_second=2.44753M/s
BM_AddOrder_FullMatch                        405 ns          409 ns      1711389 items_per_second=2.44734M/s
BM_AddOrder_FullMatch                        406 ns          409 ns      1711389 items_per_second=2.44346M/s
BM_AddOrder_FullMatch                        405 ns          409 ns      1711389 items_per_second=2.44636M/s
BM_AddOrder_FullMatch                        405 ns          409 ns      1711389 items_per_second=2.44558M/s
BM_AddOrder_FullMatch_mean                   406 ns          409 ns           10 items_per_second=2.44564M/s
BM_AddOrder_FullMatch_median                 405 ns          409 ns           10 items_per_second=2.44597M/s
BM_AddOrder_FullMatch_stddev                1.02 ns        0.312 ns           10 items_per_second=1.86531k/s
BM_AddOrder_FullMatch_cv                    0.25 %          0.08 %            10 items_per_second=0.08%
BM_AddOrder_SweepLevels/1                    450 ns          454 ns      1542092 items_per_second=2.20349M/s
BM_AddOrder_SweepLevels/1                    450 ns          454 ns      1542092 items_per_second=2.20339M/s
BM_AddOrder_SweepLevels/1                    450 ns          454 ns      1542092 items_per_second=2.20366M/s
BM_AddOrder_SweepLevels/1                    450 ns          454 ns      1542092 items_per_second=2.20228M/s
BM_AddOrder_SweepLevels/1                    449 ns          453 ns      1542092 items_per_second=2.20587M/s
BM_AddOrder_SweepLevels/1                    449 ns          453 ns      1542092 items_per_second=2.20667M/s
BM_AddOrder_SweepLevels/1                    450 ns          454 ns      1542092 items_per_second=2.20437M/s
BM_AddOrder_SweepLevels/1                    450 ns          453 ns      1542092 items_per_second=2.20552M/s
BM_AddOrder_SweepLevels/1                    450 ns          453 ns      1542092 items_per_second=2.20544M/s
BM_AddOrder_SweepLevels/1                    449 ns          453 ns      1542092 items_per_second=2.20674M/s
BM_AddOrder_SweepLevels/1_mean               450 ns          454 ns           10 items_per_second=2.20474M/s
BM_AddOrder_SweepLevels/1_median             450 ns          454 ns           10 items_per_second=2.20491M/s
BM_AddOrder_SweepLevels/1_stddev           0.284 ns        0.313 ns           10 items_per_second=1.52137k/s
BM_AddOrder_SweepLevels/1_cv                0.06 %          0.07 %            10 items_per_second=0.07%
BM_AddOrder_SweepLevels/5                    649 ns          654 ns      1072369 items_per_second=1.52958M/s
BM_AddOrder_SweepLevels/5                    648 ns          653 ns      1072369 items_per_second=1.53242M/s
BM_AddOrder_SweepLevels/5                    648 ns          653 ns      1072369 items_per_second=1.53188M/s
BM_AddOrder_SweepLevels/5                    648 ns          652 ns      1072369 items_per_second=1.53269M/s
BM_AddOrder_SweepLevels/5                    652 ns          655 ns      1072369 items_per_second=1.52681M/s
BM_AddOrder_SweepLevels/5                    648 ns          653 ns      1072369 items_per_second=1.53172M/s
BM_AddOrder_SweepLevels/5                    650 ns          655 ns      1072369 items_per_second=1.52752M/s
BM_AddOrder_SweepLevels/5                    648 ns          653 ns      1072369 items_per_second=1.53235M/s
BM_AddOrder_SweepLevels/5                    648 ns          653 ns      1072369 items_per_second=1.53083M/s
BM_AddOrder_SweepLevels/5                    650 ns          654 ns      1072369 items_per_second=1.52796M/s
BM_AddOrder_SweepLevels/5_mean               649 ns          653 ns           10 items_per_second=1.53038M/s
BM_AddOrder_SweepLevels/5_median             648 ns          653 ns           10 items_per_second=1.53127M/s
BM_AddOrder_SweepLevels/5_stddev            1.48 ns        0.957 ns           10 items_per_second=2.23912k/s
BM_AddOrder_SweepLevels/5_cv                0.23 %          0.15 %            10 items_per_second=0.15%
BM_AddOrder_SweepLevels/10                   884 ns          890 ns       787014 items_per_second=1.12409M/s
BM_AddOrder_SweepLevels/10                   884 ns          890 ns       787014 items_per_second=1.12408M/s
BM_AddOrder_SweepLevels/10                   884 ns          889 ns       787014 items_per_second=1.12495M/s
BM_AddOrder_SweepLevels/10                   883 ns          889 ns       787014 items_per_second=1.12541M/s
BM_AddOrder_SweepLevels/10                   885 ns          890 ns       787014 items_per_second=1.12343M/s
BM_AddOrder_SweepLevels/10                   883 ns          889 ns       787014 items_per_second=1.12519M/s
BM_AddOrder_SweepLevels/10                   884 ns          889 ns       787014 items_per_second=1.12456M/s
BM_AddOrder_SweepLevels/10                   888 ns          888 ns       787014 items_per_second=1.12672M/s
BM_AddOrder_SweepLevels/10                   903 ns          908 ns       787014 items_per_second=1.10148M/s
BM_AddOrder_SweepLevels/10                   936 ns          942 ns       787014 items_per_second=1.0619M/s
BM_AddOrder_SweepLevels/10_mean              891 ns          896 ns           10 items_per_second=1.11618M/s
BM_AddOrder_SweepLevels/10_median            884 ns          889 ns           10 items_per_second=1.12433M/s
BM_AddOrder_SweepLevels/10_stddev           16.8 ns         17.1 ns           10 items_per_second=20.4524k/s
BM_AddOrder_SweepLevels/10_cv               1.89 %          1.90 %            10 items_per_second=1.83%
BM_AddOrder_SweepLevels/20                  1587 ns         1593 ns       438548 items_per_second=627.831k/s
BM_AddOrder_SweepLevels/20                  1606 ns         1609 ns       438548 items_per_second=621.666k/s
BM_AddOrder_SweepLevels/20                  1605 ns         1609 ns       438548 items_per_second=621.539k/s
BM_AddOrder_SweepLevels/20                  1643 ns         1647 ns       438548 items_per_second=607.248k/s
BM_AddOrder_SweepLevels/20                  1645 ns         1649 ns       438548 items_per_second=606.381k/s
BM_AddOrder_SweepLevels/20                  1677 ns         1680 ns       438548 items_per_second=595.135k/s
BM_AddOrder_SweepLevels/20                  1711 ns         1715 ns       438548 items_per_second=583.221k/s
BM_AddOrder_SweepLevels/20                  1750 ns         1754 ns       438548 items_per_second=569.979k/s
BM_AddOrder_SweepLevels/20                  1779 ns         1783 ns       438548 items_per_second=560.945k/s
BM_AddOrder_SweepLevels/20                  1798 ns         1802 ns       438548 items_per_second=554.883k/s
BM_AddOrder_SweepLevels/20_mean             1680 ns         1684 ns           10 items_per_second=594.883k/s
BM_AddOrder_SweepLevels/20_median           1661 ns         1665 ns           10 items_per_second=600.758k/s
BM_AddOrder_SweepLevels/20_stddev           76.1 ns         75.9 ns           10 items_per_second=26.4714k/s
BM_AddOrder_SweepLevels/20_cv               4.53 %          4.51 %            10 items_per_second=4.45%
BM_CancelOrder                             44618 ns        44608 ns        15680 items_per_second=22.4176k/s
BM_CancelOrder                             44539 ns        44520 ns        15680 items_per_second=22.462k/s
BM_CancelOrder                             44667 ns        44657 ns        15680 items_per_second=22.3929k/s
BM_CancelOrder                             44700 ns        44686 ns        15680 items_per_second=22.3786k/s
BM_CancelOrder                             45294 ns        45192 ns        15680 items_per_second=22.1279k/s
BM_CancelOrder                             44996 ns        44981 ns        15680 items_per_second=22.2314k/s
BM_CancelOrder                             45026 ns        45011 ns        15680 items_per_second=22.2166k/s
BM_CancelOrder                             44996 ns        44983 ns        15680 items_per_second=22.2305k/s
BM_CancelOrder                             45212 ns        45202 ns        15680 items_per_second=22.1228k/s
BM_CancelOrder                             45305 ns        45295 ns        15680 items_per_second=22.0773k/s
BM_CancelOrder_mean                        44935 ns        44914 ns           10 items_per_second=22.2657k/s
BM_CancelOrder_median                      44996 ns        44982 ns           10 items_per_second=22.2309k/s
BM_CancelOrder_stddev                        287 ns          277 ns           10 items_per_second=137.559/s
BM_CancelOrder_cv                           0.64 %          0.62 %            10 items_per_second=0.62%
BM_MixedWorkload/iterations:50         134315419 ns    134111905 ns           50 items_per_second=7.45646M/s
BM_MixedWorkload/iterations:50         134913551 ns    134889842 ns           50 items_per_second=7.41346M/s
BM_MixedWorkload/iterations:50         135041682 ns    135018090 ns           50 items_per_second=7.40641M/s
BM_MixedWorkload/iterations:50         135108987 ns    135087397 ns           50 items_per_second=7.40262M/s
BM_MixedWorkload/iterations:50         134568548 ns    134546314 ns           50 items_per_second=7.43238M/s
BM_MixedWorkload/iterations:50         134798049 ns    134773712 ns           50 items_per_second=7.41984M/s
BM_MixedWorkload/iterations:50         135230330 ns    135027000 ns           50 items_per_second=7.40593M/s
BM_MixedWorkload/iterations:50         134567545 ns    134546063 ns           50 items_per_second=7.4324M/s
BM_MixedWorkload/iterations:50         134828046 ns    134804596 ns           50 items_per_second=7.41814M/s
BM_MixedWorkload/iterations:50         141229631 ns    141207232 ns           50 items_per_second=7.08179M/s
BM_MixedWorkload/iterations:50_mean    135460179 ns    135401215 ns           10 items_per_second=7.38694M/s
BM_MixedWorkload/iterations:50_median  134870799 ns    134847219 ns           10 items_per_second=7.4158M/s
BM_MixedWorkload/iterations:50_stddev    2046052 ns      2061036 ns           10 items_per_second=108.436k/s
BM_MixedWorkload/iterations:50_cv           1.51 %          1.52 %            10 items_per_second=1.47%
