2026-10-07T12:53:16-04:00
Running /home/jz/projects/personal/Matching_Machine/build/release/bench_order_book
Run on (4 X 595.602 MHz CPU s)
CPU Caches:
  L1 Data 48 KiB (x4)
  L1 Instruction 32 KiB (x4)
  L2 Unified 1280 KiB (x4)
  L3 Unified 8192 KiB (x1)
Load Average: 0.71, 0.99, 0.63
------------------------------------------------------------------------------------------------
Benchmark                                      Time             CPU   Iterations UserCounters...
------------------------------------------------------------------------------------------------
BM_AddOrder_NoMatch                         38.3 ns         38.3 ns     18175267 items_per_second=26.1041M/s
BM_AddOrder_NoMatch                         38.3 ns         38.3 ns     18175267 items_per_second=26.1M/s
BM_AddOrder_NoMatch                         38.5 ns         38.5 ns     18175267 items_per_second=25.9747M/s
BM_AddOrder_NoMatch                         38.1 ns         38.1 ns     18175267 items_per_second=26.2594M/s
BM_AddOrder_NoMatch                         38.1 ns         38.1 ns     18175267 items_per_second=26.235M/s
BM_AddOrder_NoMatch                         38.2 ns         38.2 ns     18175267 items_per_second=26.169M/s
BM_AddOrder_NoMatch                         38.5 ns         38.4 ns     18175267 items_per_second=26.0729M/s
BM_AddOrder_NoMatch                         38.6 ns         38.6 ns     18175267 items_per_second=25.9147M/s
BM_AddOrder_NoMatch                         38.3 ns         38.3 ns     18175267 items_per_second=26.1268M/s
BM_AddOrder_NoMatch                         38.2 ns         38.2 ns     18175267 items_per_second=26.1873M/s
BM_AddOrder_NoMatch_mean                    38.3 ns         38.3 ns           10 items_per_second=26.1144M/s
BM_AddOrder_NoMatch_median                  38.3 ns         38.3 ns           10 items_per_second=26.1154M/s
BM_AddOrder_NoMatch_stddev                 0.170 ns        0.159 ns           10 items_per_second=108.232k/s
BM_AddOrder_NoMatch_cv                      0.44 %          0.42 %            10 items_per_second=0.41%
BM_AddOrder_FullMatch                        403 ns          407 ns      1719172 items_per_second=2.45844M/s
BM_AddOrder_FullMatch                        403 ns          407 ns      1719172 items_per_second=2.45803M/s
BM_AddOrder_FullMatch                        403 ns          407 ns      1719172 items_per_second=2.45886M/s
BM_AddOrder_FullMatch                        403 ns          407 ns      1719172 items_per_second=2.45893M/s
BM_AddOrder_FullMatch                        403 ns          407 ns      1719172 items_per_second=2.4582M/s
BM_AddOrder_FullMatch                        403 ns          407 ns      1719172 items_per_second=2.45745M/s
BM_AddOrder_FullMatch                        404 ns          407 ns      1719172 items_per_second=2.45414M/s
BM_AddOrder_FullMatch                        403 ns          407 ns      1719172 items_per_second=2.45813M/s
BM_AddOrder_FullMatch                        404 ns          407 ns      1719172 items_per_second=2.45698M/s
BM_AddOrder_FullMatch                        404 ns          407 ns      1719172 items_per_second=2.45539M/s
BM_AddOrder_FullMatch_mean                   403 ns          407 ns           10 items_per_second=2.45745M/s
BM_AddOrder_FullMatch_median                 403 ns          407 ns           10 items_per_second=2.45808M/s
BM_AddOrder_FullMatch_stddev               0.289 ns        0.259 ns           10 items_per_second=1.5609k/s
BM_AddOrder_FullMatch_cv                    0.07 %          0.06 %            10 items_per_second=0.06%
BM_AddOrder_SweepLevels/1                    449 ns          452 ns      1547668 items_per_second=2.21007M/s
BM_AddOrder_SweepLevels/1                    449 ns          452 ns      1547668 items_per_second=2.21068M/s
BM_AddOrder_SweepLevels/1                    450 ns          453 ns      1547668 items_per_second=2.20812M/s
BM_AddOrder_SweepLevels/1                    449 ns          452 ns      1547668 items_per_second=2.21041M/s
BM_AddOrder_SweepLevels/1                    450 ns          453 ns      1547668 items_per_second=2.20602M/s
BM_AddOrder_SweepLevels/1                    449 ns          452 ns      1547668 items_per_second=2.21037M/s
BM_AddOrder_SweepLevels/1                    449 ns          453 ns      1547668 items_per_second=2.20823M/s
BM_AddOrder_SweepLevels/1                    449 ns          452 ns      1547668 items_per_second=2.21064M/s
BM_AddOrder_SweepLevels/1                    448 ns          452 ns      1547668 items_per_second=2.21127M/s
BM_AddOrder_SweepLevels/1                    449 ns          452 ns      1547668 items_per_second=2.21051M/s
BM_AddOrder_SweepLevels/1_mean               449 ns          453 ns           10 items_per_second=2.20963M/s
BM_AddOrder_SweepLevels/1_median             449 ns          452 ns           10 items_per_second=2.21039M/s
BM_AddOrder_SweepLevels/1_stddev           0.540 ns        0.336 ns           10 items_per_second=1.64137k/s
BM_AddOrder_SweepLevels/1_cv                0.12 %          0.07 %            10 items_per_second=0.07%
BM_AddOrder_SweepLevels/5                    648 ns          653 ns      1072345 items_per_second=1.53181M/s
BM_AddOrder_SweepLevels/5                    648 ns          653 ns      1072345 items_per_second=1.53185M/s
BM_AddOrder_SweepLevels/5                    649 ns          654 ns      1072345 items_per_second=1.52964M/s
BM_AddOrder_SweepLevels/5                    649 ns          654 ns      1072345 items_per_second=1.52888M/s
BM_AddOrder_SweepLevels/5                    651 ns          655 ns      1072345 items_per_second=1.5263M/s
BM_AddOrder_SweepLevels/5                    648 ns          653 ns      1072345 items_per_second=1.53194M/s
BM_AddOrder_SweepLevels/5                    649 ns          653 ns      1072345 items_per_second=1.53024M/s
BM_AddOrder_SweepLevels/5                    650 ns          654 ns      1072345 items_per_second=1.52872M/s
BM_AddOrder_SweepLevels/5                    648 ns          653 ns      1072345 items_per_second=1.53158M/s
BM_AddOrder_SweepLevels/5                    669 ns          673 ns      1072345 items_per_second=1.48534M/s
BM_AddOrder_SweepLevels/5_mean               651 ns          656 ns           10 items_per_second=1.52563M/s
BM_AddOrder_SweepLevels/5_median             649 ns          654 ns           10 items_per_second=1.52994M/s
BM_AddOrder_SweepLevels/5_stddev            6.30 ns         6.28 ns           10 items_per_second=14.2726k/s
BM_AddOrder_SweepLevels/5_cv                0.97 %          0.96 %            10 items_per_second=0.94%
BM_AddOrder_SweepLevels/10                   884 ns          889 ns       787804 items_per_second=1.12484M/s
BM_AddOrder_SweepLevels/10                   884 ns          889 ns       787804 items_per_second=1.12549M/s
BM_AddOrder_SweepLevels/10                   885 ns          890 ns       787804 items_per_second=1.12358M/s
BM_AddOrder_SweepLevels/10                   887 ns          892 ns       787804 items_per_second=1.12157M/s
BM_AddOrder_SweepLevels/10                   887 ns          893 ns       787804 items_per_second=1.12041M/s
BM_AddOrder_SweepLevels/10                   894 ns          893 ns       787804 items_per_second=1.11976M/s
BM_AddOrder_SweepLevels/10                   907 ns          912 ns       787804 items_per_second=1.09683M/s
BM_AddOrder_SweepLevels/10                   939 ns          944 ns       787804 items_per_second=1.05894M/s
BM_AddOrder_SweepLevels/10                   966 ns          969 ns       787804 items_per_second=1.03247M/s
BM_AddOrder_SweepLevels/10                   991 ns          994 ns       787804 items_per_second=1.00579M/s
BM_AddOrder_SweepLevels/10_mean              912 ns          916 ns           10 items_per_second=1.09297M/s
BM_AddOrder_SweepLevels/10_median            891 ns          893 ns           10 items_per_second=1.12008M/s
BM_AddOrder_SweepLevels/10_stddev           39.3 ns         38.8 ns           10 items_per_second=44.389k/s
BM_AddOrder_SweepLevels/10_cv               4.30 %          4.23 %            10 items_per_second=4.06%
BM_AddOrder_SweepLevels/20                  1609 ns         1612 ns       441306 items_per_second=620.436k/s
BM_AddOrder_SweepLevels/20                  1600 ns         1603 ns       441306 items_per_second=623.801k/s
BM_AddOrder_SweepLevels/20                  1619 ns         1622 ns       441306 items_per_second=616.553k/s
BM_AddOrder_SweepLevels/20                  1638 ns         1641 ns       441306 items_per_second=609.358k/s
BM_AddOrder_SweepLevels/20                  1650 ns         1654 ns       441306 items_per_second=604.753k/s
BM_AddOrder_SweepLevels/20                  1687 ns         1690 ns       441306 items_per_second=591.74k/s
BM_AddOrder_SweepLevels/20                  1713 ns         1716 ns       441306 items_per_second=582.771k/s
BM_AddOrder_SweepLevels/20                  1738 ns         1741 ns       441306 items_per_second=574.442k/s
BM_AddOrder_SweepLevels/20                  1771 ns         1774 ns       441306 items_per_second=563.65k/s
BM_AddOrder_SweepLevels/20                  1781 ns         1785 ns       441306 items_per_second=560.318k/s
BM_AddOrder_SweepLevels/20_mean             1681 ns         1684 ns           10 items_per_second=594.782k/s
BM_AddOrder_SweepLevels/20_median           1669 ns         1672 ns           10 items_per_second=598.247k/s
BM_AddOrder_SweepLevels/20_stddev           67.4 ns         67.4 ns           10 items_per_second=23.5946k/s
BM_AddOrder_SweepLevels/20_cv               4.01 %          4.01 %            10 items_per_second=3.97%
BM_CancelOrder                             44268 ns        44251 ns        15776 items_per_second=22.5981k/s
BM_CancelOrder                             44332 ns        44319 ns        15776 items_per_second=22.5638k/s
BM_CancelOrder                             44449 ns        44437 ns        15776 items_per_second=22.5036k/s
BM_CancelOrder                             44418 ns        44406 ns        15776 items_per_second=22.5197k/s
BM_CancelOrder                             44364 ns        44355 ns        15776 items_per_second=22.5454k/s
BM_CancelOrder                             44515 ns        44500 ns        15776 items_per_second=22.4718k/s
BM_CancelOrder                             44419 ns        44403 ns        15776 items_per_second=22.5212k/s
BM_CancelOrder                             44812 ns        44797 ns        15776 items_per_second=22.3227k/s
BM_CancelOrder                             44752 ns        44735 ns        15776 items_per_second=22.3537k/s
BM_CancelOrder                             44668 ns        44656 ns        15776 items_per_second=22.3935k/s
BM_CancelOrder_mean                        44500 ns        44486 ns           10 items_per_second=22.4794k/s
BM_CancelOrder_median                      44434 ns        44421 ns           10 items_per_second=22.5116k/s
BM_CancelOrder_stddev                        184 ns          184 ns           10 items_per_second=92.6807/s
BM_CancelOrder_cv                           0.41 %          0.41 %            10 items_per_second=0.41%
BM_MixedWorkload/iterations:50         133151163 ns    133133417 ns           50 items_per_second=7.51126M/s
BM_MixedWorkload/iterations:50         133052993 ns    133036771 ns           50 items_per_second=7.51672M/s
BM_MixedWorkload/iterations:50         133038820 ns    133021726 ns           50 items_per_second=7.51757M/s
BM_MixedWorkload/iterations:50         133337568 ns    133129817 ns           50 items_per_second=7.51147M/s
BM_MixedWorkload/iterations:50         132904562 ns    132886087 ns           50 items_per_second=7.52524M/s
BM_MixedWorkload/iterations:50         133344998 ns    133328571 ns           50 items_per_second=7.50027M/s
BM_MixedWorkload/iterations:50         132942312 ns    132926964 ns           50 items_per_second=7.52293M/s
BM_MixedWorkload/iterations:50         133030151 ns    133012153 ns           50 items_per_second=7.51811M/s
BM_MixedWorkload/iterations:50         133203056 ns    133186864 ns           50 items_per_second=7.50825M/s
BM_MixedWorkload/iterations:50         133201241 ns    133183981 ns           50 items_per_second=7.50841M/s
BM_MixedWorkload/iterations:50_mean    133120686 ns    133084635 ns           10 items_per_second=7.51402M/s
BM_MixedWorkload/iterations:50_median  133102078 ns    133083294 ns           10 items_per_second=7.51409M/s
BM_MixedWorkload/iterations:50_stddev     152594 ns       133346 ns           10 items_per_second=7.52727k/s
BM_MixedWorkload/iterations:50_cv           0.11 %          0.10 %            10 items_per_second=0.10%
