2026-10-07T12:47:13-04:00
Running /home/jz/projects/personal/Matching_Machine/build/release/bench_order_book
Run on (4 X 399.689 MHz CPU s)
CPU Caches:
  L1 Data 48 KiB (x4)
  L1 Instruction 32 KiB (x4)
  L2 Unified 1280 KiB (x4)
  L3 Unified 8192 KiB (x1)
Load Average: 1.33, 0.81, 0.38
------------------------------------------------------------------------------------------------
Benchmark                                      Time             CPU   Iterations UserCounters...
------------------------------------------------------------------------------------------------
BM_AddOrder_NoMatch                         39.1 ns         39.1 ns     17795269 items_per_second=25.5462M/s
BM_AddOrder_NoMatch                         39.1 ns         39.1 ns     17795269 items_per_second=25.5972M/s
BM_AddOrder_NoMatch                         39.1 ns         39.1 ns     17795269 items_per_second=25.5839M/s
BM_AddOrder_NoMatch                         38.9 ns         38.9 ns     17795269 items_per_second=25.7067M/s
BM_AddOrder_NoMatch                         39.1 ns         39.1 ns     17795269 items_per_second=25.6006M/s
BM_AddOrder_NoMatch                         39.1 ns         39.1 ns     17795269 items_per_second=25.5724M/s
BM_AddOrder_NoMatch                         38.9 ns         38.9 ns     17795269 items_per_second=25.6915M/s
BM_AddOrder_NoMatch                         39.2 ns         39.2 ns     17795269 items_per_second=25.4875M/s
BM_AddOrder_NoMatch                         40.2 ns         40.2 ns     17795269 items_per_second=24.8996M/s
BM_AddOrder_NoMatch                         39.7 ns         39.7 ns     17795269 items_per_second=25.202M/s
BM_AddOrder_NoMatch_mean                    39.2 ns         39.2 ns           10 items_per_second=25.4888M/s
BM_AddOrder_NoMatch_median                  39.1 ns         39.1 ns           10 items_per_second=25.5782M/s
BM_AddOrder_NoMatch_stddev                 0.390 ns        0.390 ns           10 items_per_second=249.781k/s
BM_AddOrder_NoMatch_cv                      0.99 %          0.99 %            10 items_per_second=0.98%
BM_AddOrder_FullMatch                        403 ns          407 ns      1717571 items_per_second=2.45909M/s
BM_AddOrder_FullMatch                        403 ns          407 ns      1717571 items_per_second=2.45718M/s
BM_AddOrder_FullMatch                        403 ns          407 ns      1717571 items_per_second=2.45828M/s
BM_AddOrder_FullMatch                        404 ns          407 ns      1717571 items_per_second=2.45731M/s
BM_AddOrder_FullMatch                        404 ns          407 ns      1717571 items_per_second=2.45512M/s
BM_AddOrder_FullMatch                        404 ns          407 ns      1717571 items_per_second=2.45779M/s
BM_AddOrder_FullMatch                        403 ns          407 ns      1717571 items_per_second=2.45796M/s
BM_AddOrder_FullMatch                        404 ns          407 ns      1717571 items_per_second=2.45608M/s
BM_AddOrder_FullMatch                        404 ns          407 ns      1717571 items_per_second=2.45724M/s
BM_AddOrder_FullMatch                        403 ns          407 ns      1717571 items_per_second=2.45829M/s
BM_AddOrder_FullMatch_mean                   403 ns          407 ns           10 items_per_second=2.45743M/s
BM_AddOrder_FullMatch_median                 403 ns          407 ns           10 items_per_second=2.45755M/s
BM_AddOrder_FullMatch_stddev               0.222 ns        0.190 ns           10 items_per_second=1.14999k/s
BM_AddOrder_FullMatch_cv                    0.06 %          0.05 %            10 items_per_second=0.05%
BM_AddOrder_SweepLevels/1                    451 ns          455 ns      1534483 items_per_second=2.19943M/s
BM_AddOrder_SweepLevels/1                    453 ns          456 ns      1534483 items_per_second=2.19264M/s
BM_AddOrder_SweepLevels/1                    452 ns          455 ns      1534483 items_per_second=2.19559M/s
BM_AddOrder_SweepLevels/1                    452 ns          456 ns      1534483 items_per_second=2.19418M/s
BM_AddOrder_SweepLevels/1                    453 ns          455 ns      1534483 items_per_second=2.19639M/s
BM_AddOrder_SweepLevels/1                    452 ns          456 ns      1534483 items_per_second=2.19439M/s
BM_AddOrder_SweepLevels/1                    452 ns          455 ns      1534483 items_per_second=2.19692M/s
BM_AddOrder_SweepLevels/1                    452 ns          456 ns      1534483 items_per_second=2.19472M/s
BM_AddOrder_SweepLevels/1                    452 ns          455 ns      1534483 items_per_second=2.19709M/s
BM_AddOrder_SweepLevels/1                    452 ns          456 ns      1534483 items_per_second=2.19438M/s
BM_AddOrder_SweepLevels/1_mean               452 ns          455 ns           10 items_per_second=2.19557M/s
BM_AddOrder_SweepLevels/1_median             452 ns          456 ns           10 items_per_second=2.19515M/s
BM_AddOrder_SweepLevels/1_stddev           0.596 ns        0.402 ns           10 items_per_second=1.93667k/s
BM_AddOrder_SweepLevels/1_cv                0.13 %          0.09 %            10 items_per_second=0.09%
BM_AddOrder_SweepLevels/5                    648 ns          653 ns      1069647 items_per_second=1.53057M/s
BM_AddOrder_SweepLevels/5                    648 ns          653 ns      1069647 items_per_second=1.53082M/s
BM_AddOrder_SweepLevels/5                    648 ns          653 ns      1069647 items_per_second=1.53035M/s
BM_AddOrder_SweepLevels/5                    649 ns          655 ns      1069647 items_per_second=1.52776M/s
BM_AddOrder_SweepLevels/5                    648 ns          653 ns      1069647 items_per_second=1.53154M/s
BM_AddOrder_SweepLevels/5                    650 ns          654 ns      1069647 items_per_second=1.52795M/s
BM_AddOrder_SweepLevels/5                    648 ns          653 ns      1069647 items_per_second=1.53118M/s
BM_AddOrder_SweepLevels/5                    648 ns          653 ns      1069647 items_per_second=1.53114M/s
BM_AddOrder_SweepLevels/5                    650 ns          655 ns      1069647 items_per_second=1.52716M/s
BM_AddOrder_SweepLevels/5                    648 ns          653 ns      1069647 items_per_second=1.53079M/s
BM_AddOrder_SweepLevels/5_mean               649 ns          654 ns           10 items_per_second=1.52993M/s
BM_AddOrder_SweepLevels/5_median             648 ns          653 ns           10 items_per_second=1.53068M/s
BM_AddOrder_SweepLevels/5_stddev           0.742 ns        0.699 ns           10 items_per_second=1.63532k/s
BM_AddOrder_SweepLevels/5_cv                0.11 %          0.11 %            10 items_per_second=0.11%
BM_AddOrder_SweepLevels/10                   884 ns          889 ns       786717 items_per_second=1.12453M/s
BM_AddOrder_SweepLevels/10                   884 ns          889 ns       786717 items_per_second=1.12441M/s
BM_AddOrder_SweepLevels/10                   883 ns          888 ns       786717 items_per_second=1.126M/s
BM_AddOrder_SweepLevels/10                   882 ns          888 ns       786717 items_per_second=1.12623M/s
BM_AddOrder_SweepLevels/10                   884 ns          889 ns       786717 items_per_second=1.12492M/s
BM_AddOrder_SweepLevels/10                   883 ns          889 ns       786717 items_per_second=1.12514M/s
BM_AddOrder_SweepLevels/10                   882 ns          887 ns       786717 items_per_second=1.12715M/s
BM_AddOrder_SweepLevels/10                   904 ns          906 ns       786717 items_per_second=1.10343M/s
BM_AddOrder_SweepLevels/10                   935 ns          939 ns       786717 items_per_second=1.06456M/s
BM_AddOrder_SweepLevels/10                   962 ns          965 ns       786717 items_per_second=1.03603M/s
BM_AddOrder_SweepLevels/10_mean              898 ns          903 ns           10 items_per_second=1.10824M/s
BM_AddOrder_SweepLevels/10_median            884 ns          889 ns           10 items_per_second=1.12473M/s
BM_AddOrder_SweepLevels/10_stddev           28.0 ns         27.2 ns           10 items_per_second=32.0277k/s
BM_AddOrder_SweepLevels/10_cv               3.12 %          3.02 %            10 items_per_second=2.89%
BM_AddOrder_SweepLevels/20                  1566 ns         1570 ns       438632 items_per_second=637.064k/s
BM_AddOrder_SweepLevels/20                  1577 ns         1580 ns       438632 items_per_second=632.89k/s
BM_AddOrder_SweepLevels/20                  1580 ns         1583 ns       438632 items_per_second=631.767k/s
BM_AddOrder_SweepLevels/20                  1599 ns         1603 ns       438632 items_per_second=623.975k/s
BM_AddOrder_SweepLevels/20                  1626 ns         1629 ns       438632 items_per_second=613.753k/s
BM_AddOrder_SweepLevels/20                  1649 ns         1653 ns       438632 items_per_second=604.898k/s
BM_AddOrder_SweepLevels/20                  1676 ns         1680 ns       438632 items_per_second=595.372k/s
BM_AddOrder_SweepLevels/20                  1705 ns         1709 ns       438632 items_per_second=585.203k/s
BM_AddOrder_SweepLevels/20                  1755 ns         1759 ns       438632 items_per_second=568.567k/s
BM_AddOrder_SweepLevels/20                  1761 ns         1765 ns       438632 items_per_second=566.529k/s
BM_AddOrder_SweepLevels/20_mean             1649 ns         1653 ns           10 items_per_second=606.002k/s
BM_AddOrder_SweepLevels/20_median           1638 ns         1641 ns           10 items_per_second=609.325k/s
BM_AddOrder_SweepLevels/20_stddev           72.8 ns         72.9 ns           10 items_per_second=26.3334k/s
BM_AddOrder_SweepLevels/20_cv               4.41 %          4.41 %            10 items_per_second=4.35%
BM_CancelOrder                             44426 ns        44417 ns        15767 items_per_second=22.5137k/s
BM_CancelOrder                             44420 ns        44412 ns        15767 items_per_second=22.5166k/s
BM_CancelOrder                             44599 ns        44585 ns        15767 items_per_second=22.4288k/s
BM_CancelOrder                             44830 ns        44820 ns        15767 items_per_second=22.3117k/s
BM_CancelOrder                             44716 ns        44706 ns        15767 items_per_second=22.3685k/s
BM_CancelOrder                             44700 ns        44688 ns        15767 items_per_second=22.3773k/s
BM_CancelOrder                             44842 ns        44834 ns        15767 items_per_second=22.3045k/s
BM_CancelOrder                             44689 ns        44681 ns        15767 items_per_second=22.381k/s
BM_CancelOrder                             44773 ns        44762 ns        15767 items_per_second=22.3401k/s
BM_CancelOrder                             44938 ns        44927 ns        15767 items_per_second=22.2583k/s
BM_CancelOrder_mean                        44693 ns        44683 ns           10 items_per_second=22.3801k/s
BM_CancelOrder_median                      44708 ns        44697 ns           10 items_per_second=22.3729k/s
BM_CancelOrder_stddev                        171 ns          170 ns           10 items_per_second=85.5267/s
BM_CancelOrder_cv                           0.38 %          0.38 %            10 items_per_second=0.38%
BM_MixedWorkload/iterations:50         132840327 ns    132821404 ns           50 items_per_second=7.52891M/s
BM_MixedWorkload/iterations:50         133049320 ns    133032413 ns           50 items_per_second=7.51697M/s
BM_MixedWorkload/iterations:50         133008817 ns    132993165 ns           50 items_per_second=7.51918M/s
BM_MixedWorkload/iterations:50         133162517 ns    133147760 ns           50 items_per_second=7.51045M/s
BM_MixedWorkload/iterations:50         133299475 ns    133085379 ns           50 items_per_second=7.51397M/s
BM_MixedWorkload/iterations:50         133302329 ns    133287054 ns           50 items_per_second=7.5026M/s
BM_MixedWorkload/iterations:50         133496227 ns    133479953 ns           50 items_per_second=7.49176M/s
BM_MixedWorkload/iterations:50         134227201 ns    134209687 ns           50 items_per_second=7.45103M/s
BM_MixedWorkload/iterations:50         134424311 ns    134351750 ns           50 items_per_second=7.44315M/s
BM_MixedWorkload/iterations:50         134668574 ns    134444081 ns           50 items_per_second=7.43804M/s
BM_MixedWorkload/iterations:50_mean    133547910 ns    133485265 ns           10 items_per_second=7.49161M/s
BM_MixedWorkload/iterations:50_median  133300902 ns    133217407 ns           10 items_per_second=7.50653M/s
BM_MixedWorkload/iterations:50_stddev     649660 ns       614274 ns           10 items_per_second=34.3769k/s
BM_MixedWorkload/iterations:50_cv           0.49 %          0.46 %            10 items_per_second=0.46%
